:: loading settings :: url = jar:file:/opt/spark/jars/ivy-2.5.1.jar!/org/apache/ivy/core/settings/ivysettings.xml
Ivy Default Cache set to: /home/spark/.ivy2/cache
The jars for the packages stored in: /home/spark/.ivy2/jars
io.delta#delta-spark_2.12 added as a dependency
org.apache.spark#spark-sql-kafka-0-10_2.12 added as a dependency
:: resolving dependencies :: org.apache.spark#spark-submit-parent-10c8b1fa-0c7f-46d9-8ab3-106f2f779202;1.0
	confs: [default]
	found io.delta#delta-spark_2.12;3.2.0 in central
	found io.delta#delta-storage;3.2.0 in central
	found org.antlr#antlr4-runtime;4.9.3 in central
	found org.apache.spark#spark-sql-kafka-0-10_2.12;3.5.0 in central
	found org.apache.spark#spark-token-provider-kafka-0-10_2.12;3.5.0 in central
	found org.apache.kafka#kafka-clients;3.4.1 in central
	found org.lz4#lz4-java;1.8.0 in central
	found org.xerial.snappy#snappy-java;1.1.10.3 in central
	found org.slf4j#slf4j-api;2.0.7 in central
	found org.apache.hadoop#hadoop-client-runtime;3.3.4 in central
	found org.apache.hadoop#hadoop-client-api;3.3.4 in central
	found commons-logging#commons-logging;1.1.3 in central
	found com.google.code.findbugs#jsr305;3.0.0 in central
	found org.apache.commons#commons-pool2;2.11.1 in central
:: resolution report :: resolve 1278ms :: artifacts dl 29ms
	:: modules in use:
	com.google.code.findbugs#jsr305;3.0.0 from central in [default]
	commons-logging#commons-logging;1.1.3 from central in [default]
	io.delta#delta-spark_2.12;3.2.0 from central in [default]
	io.delta#delta-storage;3.2.0 from central in [default]
	org.antlr#antlr4-runtime;4.9.3 from central in [default]
	org.apache.commons#commons-pool2;2.11.1 from central in [default]
	org.apache.hadoop#hadoop-client-api;3.3.4 from central in [default]
	org.apache.hadoop#hadoop-client-runtime;3.3.4 from central in [default]
	org.apache.kafka#kafka-clients;3.4.1 from central in [default]
	org.apache.spark#spark-sql-kafka-0-10_2.12;3.5.0 from central in [default]
	org.apache.spark#spark-token-provider-kafka-0-10_2.12;3.5.0 from central in [default]
	org.lz4#lz4-java;1.8.0 from central in [default]
	org.slf4j#slf4j-api;2.0.7 from central in [default]
	org.xerial.snappy#snappy-java;1.1.10.3 from central in [default]
	---------------------------------------------------------------------
	|                  |            modules            ||   artifacts   |
	|       conf       | number| search|dwnlded|evicted|| number|dwnlded|
	---------------------------------------------------------------------
	|      default     |   14  |   0   |   0   |   0   ||   14  |   0   |
	---------------------------------------------------------------------
:: retrieving :: org.apache.spark#spark-submit-parent-10c8b1fa-0c7f-46d9-8ab3-106f2f779202
	confs: [default]
	0 artifacts copied, 14 already retrieved (0kB/13ms)
26/10/06 08:55:49 WARN NativeCodeLoader: Unable to load native-hadoop library for your platform... using builtin-java classes where applicable
26/10/06 08:55:51 INFO SparkContext: Running Spark version 3.5.0
26/10/06 08:55:51 INFO SparkContext: OS info Linux, 6.18.33.2-microsoft-standard-WSL2, amd64
26/10/06 08:55:51 INFO SparkContext: Java version 11.0.20.1
26/10/06 08:55:51 INFO ResourceUtils: ==============================================================
26/10/06 08:55:51 INFO ResourceUtils: No custom resources configured for spark.driver.
26/10/06 08:55:51 INFO ResourceUtils: ==============================================================
26/10/06 08:55:51 INFO SparkContext: Submitted application: bronze_ingest
26/10/06 08:55:51 INFO ResourceProfile: Default ResourceProfile created, executor resources: Map(cores -> name: cores, amount: 1, script: , vendor: , memory -> name: memory, amount: 384, script: , vendor: , offHeap -> name: offHeap, amount: 0, script: , vendor: ), task resources: Map(cpus -> name: cpus, amount: 1.0)
26/10/06 08:55:51 INFO ResourceProfile: Limiting resource is cpus at 1 tasks per executor
26/10/06 08:55:51 INFO ResourceProfileManager: Added ResourceProfile id: 0
26/10/06 08:55:52 INFO SecurityManager: Changing view acls to: spark
26/10/06 08:55:52 INFO SecurityManager: Changing modify acls to: spark
26/10/06 08:55:52 INFO SecurityManager: Changing view acls groups to: 
26/10/06 08:55:52 INFO SecurityManager: Changing modify acls groups to: 
26/10/06 08:55:52 INFO SecurityManager: SecurityManager: authentication disabled; ui acls disabled; users with view permissions: spark; groups with view permissions: EMPTY; users with modify permissions: spark; groups with modify permissions: EMPTY
26/10/06 08:55:52 INFO Utils: Successfully started service 'sparkDriver' on port 39109.
26/10/06 08:55:52 INFO SparkEnv: Registering MapOutputTracker
26/10/06 08:55:53 ERROR SparkContext: Error initializing SparkContext.
org.apache.spark.SparkIllegalArgumentException: [INVALID_DRIVER_MEMORY] System memory 402653184 must be at least 471859200. Please increase heap size using the --driver-memory option or "spark.driver.memory" in Spark configuration.
	at org.apache.spark.memory.UnifiedMemoryManager$.getMaxMemory(UnifiedMemoryManager.scala:219)
	at org.apache.spark.memory.UnifiedMemoryManager$.apply(UnifiedMemoryManager.scala:201)
	at org.apache.spark.SparkEnv$.create(SparkEnv.scala:325)
	at org.apache.spark.SparkEnv$.createDriverEnv(SparkEnv.scala:196)
	at org.apache.spark.SparkContext.createSparkEnv(SparkContext.scala:284)
	at org.apache.spark.SparkContext.<init>(SparkContext.scala:483)
	at org.apache.spark.api.java.JavaSparkContext.<init>(JavaSparkContext.scala:58)
	at java.base/jdk.internal.reflect.NativeConstructorAccessorImpl.newInstance0(Native Method)
	at java.base/jdk.internal.reflect.NativeConstructorAccessorImpl.newInstance(Unknown Source)
	at java.base/jdk.internal.reflect.DelegatingConstructorAccessorImpl.newInstance(Unknown Source)
	at java.base/java.lang.reflect.Constructor.newInstance(Unknown Source)
	at py4j.reflection.MethodInvoker.invoke(MethodInvoker.java:247)
	at py4j.reflection.ReflectionEngine.invoke(ReflectionEngine.java:374)
	at py4j.Gateway.invoke(Gateway.java:238)
	at py4j.commands.ConstructorCommand.invokeConstructor(ConstructorCommand.java:80)
	at py4j.commands.ConstructorCommand.execute(ConstructorCommand.java:69)
	at py4j.ClientServerConnection.waitForCommands(ClientServerConnection.java:182)
	at py4j.ClientServerConnection.run(ClientServerConnection.java:106)
	at java.base/java.lang.Thread.run(Unknown Source)
26/10/06 08:55:53 INFO SparkContext: SparkContext is stopping with exitCode 0.
26/10/06 08:55:53 INFO SparkContext: Successfully stopped SparkContext
Traceback (most recent call last):
  File "/opt/src/football_etl/spark/bronze_ingest.py", line 14, in <module>
    SparkSession.builder.appName("bronze_ingest")
  File "/opt/spark/python/lib/pyspark.zip/pyspark/sql/session.py", line 497, in getOrCreate
  File "/opt/spark/python/lib/pyspark.zip/pyspark/context.py", line 515, in getOrCreate
  File "/opt/spark/python/lib/pyspark.zip/pyspark/context.py", line 203, in __init__
  File "/opt/spark/python/lib/pyspark.zip/pyspark/context.py", line 296, in _do_init
  File "/opt/spark/python/lib/pyspark.zip/pyspark/context.py", line 421, in _initialize_context
  File "/opt/spark/python/lib/py4j-0.10.9.7-src.zip/py4j/java_gateway.py", line 1587, in __call__
  File "/opt/spark/python/lib/py4j-0.10.9.7-src.zip/py4j/protocol.py", line 326, in get_return_value
py4j.protocol.Py4JJavaError: An error occurred while calling None.org.apache.spark.api.java.JavaSparkContext.
: org.apache.spark.SparkIllegalArgumentException: [INVALID_DRIVER_MEMORY] System memory 402653184 must be at least 471859200. Please increase heap size using the --driver-memory option or "spark.driver.memory" in Spark configuration.
	at org.apache.spark.memory.UnifiedMemoryManager$.getMaxMemory(UnifiedMemoryManager.scala:219)
	at org.apache.spark.memory.UnifiedMemoryManager$.apply(UnifiedMemoryManager.scala:201)
	at org.apache.spark.SparkEnv$.create(SparkEnv.scala:325)
	at org.apache.spark.SparkEnv$.createDriverEnv(SparkEnv.scala:196)
	at org.apache.spark.SparkContext.createSparkEnv(SparkContext.scala:284)
	at org.apache.spark.SparkContext.<init>(SparkContext.scala:483)
	at org.apache.spark.api.java.JavaSparkContext.<init>(JavaSparkContext.scala:58)
	at java.base/jdk.internal.reflect.NativeConstructorAccessorImpl.newInstance0(Native Method)
	at java.base/jdk.internal.reflect.NativeConstructorAccessorImpl.newInstance(Unknown Source)
	at java.base/jdk.internal.reflect.DelegatingConstructorAccessorImpl.newInstance(Unknown Source)
	at java.base/java.lang.reflect.Constructor.newInstance(Unknown Source)
	at py4j.reflection.MethodInvoker.invoke(MethodInvoker.java:247)
	at py4j.reflection.ReflectionEngine.invoke(ReflectionEngine.java:374)
	at py4j.Gateway.invoke(Gateway.java:238)
	at py4j.commands.ConstructorCommand.invokeConstructor(ConstructorCommand.java:80)
	at py4j.commands.ConstructorCommand.execute(ConstructorCommand.java:69)
	at py4j.ClientServerConnection.waitForCommands(ClientServerConnection.java:182)
	at py4j.ClientServerConnection.run(ClientServerConnection.java:106)
	at java.base/java.lang.Thread.run(Unknown Source)

26/10/06 08:55:53 INFO ShutdownHookManager: Shutdown hook called
26/10/06 08:55:53 INFO ShutdownHookManager: Deleting directory /tmp/spark-c69c6045-da5d-47bc-9cb9-de7485763eb7
